// Jest Snapshot v1, https://goo.gl/fbAQLP

exports[`renders correctly 1`] = `
<NativeBaseProvider>
  <ForwardRef(SafeAreaView)
    style={
      Array [
        Object {
          "backgroundColor": "#F3F3F3",
        },
        Object {
          "alignItems": "center",
          "flex": 1,
          "justifyContent": "center",
        },
      ]
    }
  >
    <Memo(ForwardRef(Button))
      onPress={[Function]}
    >
      Authenticate
    </Memo(ForwardRef(Button))>
    <Text
      numberOfLines={3}
    >
      Signature: undefined
    </Text>
  </ForwardRef(SafeAreaView)>
</NativeBaseProvider>
`;
